
> thinkments-website@0.1.0 type-check
> tsc -b

