node.exe : npm error 
code ENOSPC
At line:1 char:1
+ & "C:\Program 
Files\nodejs/node.exe" 
"C:\Users\dad\AppData\R
oaming\np ...
+ ~~~~~~~~~~~~~~~~~~~~~
~~~~~~~~~~~~~~~~~~~~~~~
~~~~~~~~~~~~~~~~~~~~~~~
~~
    + CategoryInfo     
         : NotSpecifi  
  ed: (npm error cod   
 e ENOSPC:String) [    
], RemoteException
    + FullyQualifiedEr 
   rorId : NativeComm  
  andError
 
npm error syscall write
npm error errno -4055
npm error nospc 
ENOSPC: no space left 
on device, write
npm error nospc There 
appears to be 
insufficient space on 
your system to finish.
npm error nospc Clear 
up some disk space and 
try again.
npm error A complete 
log of this run can be 
found in: C:\Users\dad\
AppData\Local\npm-cache
\_logs\2026-01-30T19_17
_26_137Z-debug-0.log
